// Jest Snapshot v1, https://goo.gl/fbAQLP

exports[`tests for <Alert /> should match SnapShot 1`] = `
ShallowWrapper {
  "length": 1,
  Symbol(enzyme.__root__): [Circular],
  Symbol(enzyme.__unrendered__): <Alert
    closable={false}
    message=""
    onHide={[Function]}
    show={true}
    title=""
    type="info"
  />,
  Symbol(enzyme.__renderer__): Object {
    "batchedUpdates": [Function],
    "getNode": [Function],
    "render": [Function],
    "simulateEvent": [Function],
    "unmount": [Function],
  },
  Symbol(enzyme.__node__): Object {
    "instance": null,
    "key": undefined,
    "nodeType": "host",
    "props": Object {
      "children": Array [
        <div
          className="cui-alert__title"
        >
          
        </div>,
        <div
          className="cui-alert__message"
        >
          
        </div>,
        false,
      ],
      "className": "cui-alert cui-alert--info",
    },
    "ref": null,
    "rendered": Array [
      Object {
        "instance": null,
        "key": undefined,
        "nodeType": "host",
        "props": Object {
          "children": "",
          "className": "cui-alert__title",
        },
        "ref": null,
        "rendered": "",
        "type": "div",
      },
      Object {
        "instance": null,
        "key": undefined,
        "nodeType": "host",
        "props": Object {
          "children": "",
          "className": "cui-alert__message",
        },
        "ref": null,
        "rendered": "",
        "type": "div",
      },
      false,
    ],
    "type": "div",
  },
  Symbol(enzyme.__nodes__): Array [
    Object {
      "instance": null,
      "key": undefined,
      "nodeType": "host",
      "props": Object {
        "children": Array [
          <div
            className="cui-alert__title"
          >
            
          </div>,
          <div
            className="cui-alert__message"
          >
            
          </div>,
          false,
        ],
        "className": "cui-alert cui-alert--info",
      },
      "ref": null,
      "rendered": Array [
        Object {
          "instance": null,
          "key": undefined,
          "nodeType": "host",
          "props": Object {
            "children": "",
            "className": "cui-alert__title",
          },
          "ref": null,
          "rendered": "",
          "type": "div",
        },
        Object {
          "instance": null,
          "key": undefined,
          "nodeType": "host",
          "props": Object {
            "children": "",
            "className": "cui-alert__message",
          },
          "ref": null,
          "rendered": "",
          "type": "div",
        },
        false,
      ],
      "type": "div",
    },
  ],
  Symbol(enzyme.__options__): Object {
    "adapter": ReactFifteenAdapter {
      "options": Object {
        "supportPrevContextArgumentOfComponentDidUpdate": true,
      },
    },
  },
}
`;
