// Jest Snapshot v1, https://goo.gl/fbAQLP

exports[`tests for <CallControl /> should match SnapShot 1`] = `
ShallowWrapper {
  "length": 1,
  Symbol(enzyme.__root__): [Circular],
  Symbol(enzyme.__unrendered__): <CallControl
    active={false}
    ariaLabel=""
    className=""
    disabled={false}
    onClick={null}
    type="microphone-muted"
  />,
  Symbol(enzyme.__renderer__): Object {
    "batchedUpdates": [Function],
    "getNode": [Function],
    "render": [Function],
    "simulateEvent": [Function],
    "unmount": [Function],
  },
  Symbol(enzyme.__node__): Object {
    "instance": null,
    "key": undefined,
    "nodeType": "class",
    "props": Object {
      "active": false,
      "ariaLabel": "microphone-muted",
      "children": <span
        className="icon icon-microphone-muted_24"
      />,
      "circle": false,
      "className": "cui-call-control",
      "color": "",
      "disabled": false,
      "expand": false,
      "href": "",
      "label": "",
      "large": false,
      "loading": false,
      "onClick": null,
      "style": Object {},
      "tag": "button",
      "type": "button",
    },
    "ref": null,
    "rendered": Object {
      "instance": null,
      "key": undefined,
      "nodeType": "host",
      "props": Object {
        "className": "icon icon-microphone-muted_24",
      },
      "ref": null,
      "rendered": null,
      "type": "span",
    },
    "type": [Function],
  },
  Symbol(enzyme.__nodes__): Array [
    Object {
      "instance": null,
      "key": undefined,
      "nodeType": "class",
      "props": Object {
        "active": false,
        "ariaLabel": "microphone-muted",
        "children": <span
          className="icon icon-microphone-muted_24"
        />,
        "circle": false,
        "className": "cui-call-control",
        "color": "",
        "disabled": false,
        "expand": false,
        "href": "",
        "label": "",
        "large": false,
        "loading": false,
        "onClick": null,
        "style": Object {},
        "tag": "button",
        "type": "button",
      },
      "ref": null,
      "rendered": Object {
        "instance": null,
        "key": undefined,
        "nodeType": "host",
        "props": Object {
          "className": "icon icon-microphone-muted_24",
        },
        "ref": null,
        "rendered": null,
        "type": "span",
      },
      "type": [Function],
    },
  ],
  Symbol(enzyme.__options__): Object {
    "adapter": ReactFifteenAdapter {
      "options": Object {
        "supportPrevContextArgumentOfComponentDidUpdate": true,
      },
    },
  },
}
`;
